
> Configure project :app
WARNING: The option setting 'android.overridePathCheck=true' is experimental.
The current default is 'false'.

> Task :app:checkKotlinGradlePluginConfigurationErrors SKIPPED
> Task :app:preBuild UP-TO-DATE
> Task :app:preDebugBuild UP-TO-DATE
> Task :app:generateDebugBuildConfig UP-TO-DATE
> Task :core:common:preBuild UP-TO-DATE
> Task :core:common:preDebugBuild UP-TO-DATE
> Task :core:common:writeDebugAarMetadata UP-TO-DATE
> Task :core:designsystem:preBuild UP-TO-DATE
> Task :core:designsystem:preDebugBuild UP-TO-DATE
> Task :core:designsystem:writeDebugAarMetadata UP-TO-DATE
> Task :core:prompt:preBuild UP-TO-DATE
> Task :core:prompt:preDebugBuild UP-TO-DATE
> Task :core:prompt:writeDebugAarMetadata UP-TO-DATE
> Task :core:shizuku:preBuild UP-TO-DATE
> Task :core:shizuku:preDebugBuild UP-TO-DATE
> Task :core:shizuku:writeDebugAarMetadata UP-TO-DATE
> Task :feature:settings:preBuild UP-TO-DATE
> Task :feature:settings:preDebugBuild UP-TO-DATE
> Task :feature:settings:writeDebugAarMetadata UP-TO-DATE
> Task :feature:updates:preBuild UP-TO-DATE
> Task :feature:updates:preDebugBuild UP-TO-DATE
> Task :feature:updates:writeDebugAarMetadata UP-TO-DATE
> Task :app:checkDebugAarMetadata UP-TO-DATE
> Task :core:common:processDebugNavigationResources UP-TO-DATE
> Task :core:designsystem:processDebugNavigationResources UP-TO-DATE
> Task :core:prompt:processDebugNavigationResources UP-TO-DATE
> Task :core:shizuku:processDebugNavigationResources UP-TO-DATE
> Task :feature:settings:processDebugNavigationResources UP-TO-DATE
> Task :feature:updates:processDebugNavigationResources UP-TO-DATE
> Task :app:processDebugNavigationResources UP-TO-DATE
> Task :app:compileDebugNavigationResources UP-TO-DATE
> Task :app:generateDebugResValues UP-TO-DATE
> Task :core:common:generateDebugResValues UP-TO-DATE
> Task :core:common:generateDebugResources UP-TO-DATE
> Task :core:common:packageDebugResources UP-TO-DATE
> Task :core:designsystem:generateDebugResValues UP-TO-DATE
> Task :core:designsystem:generateDebugResources UP-TO-DATE
> Task :core:designsystem:packageDebugResources UP-TO-DATE
> Task :core:prompt:generateDebugResValues UP-TO-DATE
> Task :core:prompt:generateDebugResources UP-TO-DATE
> Task :core:prompt:packageDebugResources UP-TO-DATE
> Task :core:shizuku:generateDebugResValues UP-TO-DATE
> Task :core:shizuku:generateDebugResources UP-TO-DATE
> Task :core:shizuku:packageDebugResources UP-TO-DATE
> Task :feature:settings:generateDebugResValues UP-TO-DATE
> Task :feature:settings:generateDebugResources UP-TO-DATE
> Task :feature:settings:packageDebugResources UP-TO-DATE
> Task :feature:updates:generateDebugResValues UP-TO-DATE
> Task :feature:updates:generateDebugResources UP-TO-DATE
> Task :feature:updates:packageDebugResources UP-TO-DATE
> Task :app:mapDebugSourceSetPaths UP-TO-DATE
> Task :app:generateDebugResources UP-TO-DATE
> Task :app:mergeDebugResources UP-TO-DATE
> Task :app:packageDebugResources UP-TO-DATE
> Task :app:parseDebugLocalResources UP-TO-DATE
> Task :app:createDebugCompatibleScreenManifests UP-TO-DATE
> Task :app:extractDeepLinksDebug UP-TO-DATE
> Task :core:common:extractDeepLinksDebug UP-TO-DATE
> Task :core:common:processDebugManifest UP-TO-DATE
> Task :core:designsystem:extractDeepLinksDebug UP-TO-DATE
> Task :core:designsystem:processDebugManifest UP-TO-DATE
> Task :core:prompt:extractDeepLinksDebug UP-TO-DATE
> Task :core:prompt:processDebugManifest UP-TO-DATE
> Task :core:shizuku:extractDeepLinksDebug UP-TO-DATE
> Task :core:shizuku:processDebugManifest UP-TO-DATE
> Task :feature:settings:extractDeepLinksDebug UP-TO-DATE
> Task :feature:settings:processDebugManifest UP-TO-DATE
> Task :feature:updates:extractDeepLinksDebug UP-TO-DATE
> Task :feature:updates:processDebugManifest UP-TO-DATE
> Task :app:processDebugMainManifest
> Task :app:processDebugManifest
> Task :core:common:compileDebugLibraryResources UP-TO-DATE
> Task :core:common:parseDebugLocalResources UP-TO-DATE
> Task :core:common:generateDebugRFile UP-TO-DATE
> Task :core:designsystem:compileDebugLibraryResources UP-TO-DATE
> Task :core:designsystem:parseDebugLocalResources UP-TO-DATE
> Task :core:designsystem:generateDebugRFile UP-TO-DATE
> Task :core:prompt:compileDebugLibraryResources UP-TO-DATE
> Task :core:prompt:parseDebugLocalResources UP-TO-DATE
> Task :core:prompt:generateDebugRFile UP-TO-DATE
> Task :core:shizuku:compileDebugLibraryResources UP-TO-DATE
> Task :core:shizuku:parseDebugLocalResources UP-TO-DATE
> Task :core:shizuku:generateDebugRFile UP-TO-DATE
> Task :feature:settings:compileDebugLibraryResources UP-TO-DATE
> Task :feature:settings:parseDebugLocalResources UP-TO-DATE
> Task :feature:settings:generateDebugRFile UP-TO-DATE
> Task :feature:updates:compileDebugLibraryResources UP-TO-DATE
> Task :feature:updates:parseDebugLocalResources UP-TO-DATE
> Task :feature:updates:generateDebugRFile UP-TO-DATE
> Task :core:common:checkKotlinGradlePluginConfigurationErrors SKIPPED
> Task :core:common:compileDebugKotlin UP-TO-DATE
> Task :core:common:javaPreCompileDebug UP-TO-DATE
> Task :core:common:compileDebugJavaWithJavac NO-SOURCE
> Task :app:processDebugManifestForPackage
> Task :core:common:bundleLibCompileToJarDebug UP-TO-DATE
> Task :core:designsystem:checkKotlinGradlePluginConfigurationErrors SKIPPED
> Task :core:designsystem:compileDebugKotlin UP-TO-DATE
> Task :core:designsystem:javaPreCompileDebug UP-TO-DATE
> Task :core:designsystem:compileDebugJavaWithJavac NO-SOURCE
> Task :core:designsystem:bundleLibCompileToJarDebug UP-TO-DATE
> Task :core:prompt:checkKotlinGradlePluginConfigurationErrors SKIPPED
> Task :core:prompt:compileDebugKotlin UP-TO-DATE
> Task :core:prompt:javaPreCompileDebug UP-TO-DATE
> Task :core:prompt:compileDebugJavaWithJavac NO-SOURCE
> Task :core:prompt:bundleLibCompileToJarDebug UP-TO-DATE
> Task :core:shizuku:checkKotlinGradlePluginConfigurationErrors SKIPPED
> Task :core:shizuku:compileDebugKotlin UP-TO-DATE
> Task :core:shizuku:javaPreCompileDebug UP-TO-DATE
> Task :core:shizuku:compileDebugJavaWithJavac NO-SOURCE
> Task :core:shizuku:bundleLibCompileToJarDebug UP-TO-DATE
> Task :feature:settings:checkKotlinGradlePluginConfigurationErrors SKIPPED
> Task :feature:updates:checkKotlinGradlePluginConfigurationErrors SKIPPED
> Task :feature:updates:generateDebugBuildConfig UP-TO-DATE
> Task :feature:updates:compileDebugKotlin UP-TO-DATE
> Task :feature:updates:javaPreCompileDebug UP-TO-DATE
> Task :feature:updates:compileDebugJavaWithJavac UP-TO-DATE
> Task :feature:updates:bundleLibCompileToJarDebug UP-TO-DATE
> Task :feature:settings:compileDebugKotlin UP-TO-DATE
> Task :feature:settings:javaPreCompileDebug UP-TO-DATE
> Task :feature:settings:compileDebugJavaWithJavac NO-SOURCE
> Task :feature:settings:bundleLibCompileToJarDebug UP-TO-DATE
> Task :app:processDebugResources
> Task :app:kspDebugKotlin

> Task :app:compileDebugKotlin
w: file:///C:/Users/xuany/Desktop/椤圭洰/Aries-AI/app/src/main/java/com/ai/phoneagent/MainActivity.kt:967:15 'var statusBarColor: Int' is deprecated. Deprecated in Java.
w: file:///C:/Users/xuany/Desktop/椤圭洰/Aries-AI/app/src/main/java/com/ai/phoneagent/MainActivity.kt:968:15 'var navigationBarColor: Int' is deprecated. Deprecated in Java.
w: file:///C:/Users/xuany/Desktop/椤圭洰/Aries-AI/app/src/main/java/com/ai/phoneagent/MainActivity.kt:1536:22 'fun overridePendingTransition(p0: Int, p1: Int): Unit' is deprecated. Deprecated in Java.
w: file:///C:/Users/xuany/Desktop/椤圭洰/Aries-AI/app/src/main/java/com/ai/phoneagent/MainActivity.kt:3886:33 This declaration overrides a deprecated member but is not marked as deprecated itself. Add the '@Deprecated' annotation or suppress the diagnostic.
w: file:///C:/Users/xuany/Desktop/椤圭洰/Aries-AI/app/src/main/java/com/ai/phoneagent/MainActivity.kt:4022:33 This declaration overrides a deprecated member but is not marked as deprecated itself. Add the '@Deprecated' annotation or suppress the diagnostic.

BUILD SUCCESSFUL in 9s
98 actionable tasks: 6 executed, 92 up-to-date
